// Jest Snapshot v1, https://goo.gl/fbAQLP

exports[`STUDY API Get studies (admin) 1`] = `
Array [
  Object {
    "applications": Array [],
    "createdBy": "admin",
    "isUkbiobank": false,
    "jobs": Array [],
    "name": "Study001",
    "studyAndDataManagers": Array [],
  },
]
`;
